src/components/layout/Sidebar.tsx(1,1): error TS6192: All imports in import declaration are unused.
src/components/ui/Modal.tsx(1,8): error TS6133: 'React' is declared but its value is never read.
src/components/ui/Toast.tsx(1,8): error TS6133: 'React' is declared but its value is never read.
src/components/ui/Toast.tsx(1,40): error TS6133: 'useEffect' is declared but its value is never read.
src/pages/MentorDashboard.tsx(64,10): error TS6133: 'selectedIntern' is declared but its value is never read.
